<?xml version="1.0" encoding="UTF-8"?>
<testsuites name="LoanInNeed Backend Tests" tests="11" failures="0" errors="0" time="8.14">
  <testsuite name="__tests__/unit/services/locationService.spec.js" errors="0" failures="0" skipped="0" timestamp="2026-09-18T07:36:23" time="3.909" tests="5">
    <testcase classname="📍 LocationService Unit Tests › saveLocation" name="✅ should save location successfully" time="0.021">
    </testcase>
    <testcase classname="📍 LocationService Unit Tests › saveLocation" name="❌ should reject location without latitude" time="0.004">
    </testcase>
    <testcase classname="📍 LocationService Unit Tests › saveLocation" name="❌ should reject location without longitude" time="0.001">
    </testcase>
    <testcase classname="📍 LocationService Unit Tests › getLatestLocation" name="✅ should return latest location" time="0.001">
    </testcase>
    <testcase classname="📍 LocationService Unit Tests › getLatestLocation" name="✅ should return null if no location exists" time="0">
    </testcase>
  </testsuite>
  <testsuite name="__tests__/unit/services/documentCompressor.spec.js" errors="0" failures="0" skipped="0" timestamp="2026-09-18T07:36:27" time="3.985" tests="6">
    <testcase classname="🗜️ Document Compressor Unit Tests › DocumentCompressor.compressImage" name="✅ should downscale and compress high-resolution JPEG" time="0.056">
    </testcase>
    <testcase classname="🗜️ Document Compressor Unit Tests › DocumentCompressor.compressImage" name="✅ should compress PNG image buffer" time="0.022">
    </testcase>
    <testcase classname="🗜️ Document Compressor Unit Tests › DocumentCompressor.compressImage" name="✅ should pass through PDF files untouched without compression" time="0">
    </testcase>
    <testcase classname="🗜️ Document Compressor Unit Tests › DocumentCompressor.compressImage" name="✅ should gracefully fall back to original buffer if input is corrupt or invalid image" time="0.001">
    </testcase>
    <testcase classname="🗜️ Document Compressor Unit Tests › documentService.uploadDocument with compression" name="✅ should compress image and persist compressed metadata in DB" time="0.048">
    </testcase>
    <testcase classname="🗜️ Document Compressor Unit Tests › documentService.uploadDocument with compression" name="✅ should upload PDF document without altering content" time="0">
    </testcase>
  </testsuite>
</testsuites>